input params: 
Namespace(logdir='./reconstruction_results', model_name='model', seed=3627473, data_path='input_pld.ply', mesh_dir='../data/fandisk/gt', n_samples=10000, n_points=10000, grid_res=128, nonmnfld_sample_type='gaussian', num_epochs=1, lr=5e-05, grad_clip_norm=10.0, batch_size=1, load_path=None, init_type='siren', decoder_hidden_dim=256, decoder_n_hidden_layers=4, latent_size=0, nl='sine', sphere_init_params=[1.6, 0.1], udf=False, output_any=True, loss_type='siren_w_morse', decay_params=[10, 0.2, 10, 0.5, 0.001, 0], morse_type='l1', morse_decay='linear', loss_weights=[7000.0, 600.0, 0.0, 50.0, 0.0, 10.0], bidirectional_morse=False, morse_near=True, weight_for_morse=False, use_morse_nonmnfld_grad=False, use_relax_eikonal=False)
Number of parameters in the current model:264449
Weights: [7000.0, 600.0, 0.0, 50.0, 0.0, 10.0], lr=5.000e-05
Epoch: 0 [   0/10000 (0%)] Loss: 724.82489 = L_Mnfld: 624.04554 + L_NonMnfld: 0.46025 + L_Nrml: 0.00000 + L_Eknl: 34.49988 + L_Div: 0.00000 + L_Morse: 65.81924
Epoch: 0 [   0/10000 (0%)] Unweighted L_s : L_Mnfld: 0.08915,  L_NonMnfld: 0.00077,  L_Nrml: 0.49118,  L_Eknl: 0.69000, L_Morse: 6.58192

Weights: [7000.0, 600.0, 0.0, 50.0, 0.0, 10.0], lr=5.000e-05
Epoch: 0 [  10/10000 (0%)] Loss: 301.13486 = L_Mnfld: 102.10013 + L_NonMnfld: 117.41368 + L_Nrml: 0.00000 + L_Eknl: 37.82947 + L_Div: 0.00000 + L_Morse: 43.79158
Epoch: 0 [  10/10000 (0%)] Unweighted L_s : L_Mnfld: 0.01459,  L_NonMnfld: 0.19569,  L_Nrml: 0.48757,  L_Eknl: 0.75659, L_Morse: 4.37916

Weights: [7000.0, 600.0, 0.0, 50.0, 0.0, 10.0], lr=5.000e-05
Epoch: 0 [  20/10000 (0%)] Loss: 184.53183 = L_Mnfld: 57.93388 + L_NonMnfld: 49.50606 + L_Nrml: 0.00000 + L_Eknl: 36.37694 + L_Div: 0.00000 + L_Morse: 40.71497
Epoch: 0 [  20/10000 (0%)] Unweighted L_s : L_Mnfld: 0.00828,  L_NonMnfld: 0.08251,  L_Nrml: 0.36115,  L_Eknl: 0.72754, L_Morse: 4.07150

Weights: [7000.0, 600.0, 0.0, 50.0, 0.0, 10.0], lr=5.000e-05
Epoch: 0 [  30/10000 (0%)] Loss: 138.35547 = L_Mnfld: 51.74641 + L_NonMnfld: 24.07957 + L_Nrml: 0.00000 + L_Eknl: 36.34974 + L_Div: 0.00000 + L_Morse: 26.17973
Epoch: 0 [  30/10000 (0%)] Unweighted L_s : L_Mnfld: 0.00739,  L_NonMnfld: 0.04013,  L_Nrml: 0.23230,  L_Eknl: 0.72699, L_Morse: 2.61797

Weights: [7000.0, 600.0, 0.0, 50.0, 0.0, 10.0], lr=5.000e-05
Epoch: 0 [  40/10000 (0%)] Loss: 126.48460 = L_Mnfld: 38.10946 + L_NonMnfld: 34.30568 + L_Nrml: 0.00000 + L_Eknl: 35.62937 + L_Div: 0.00000 + L_Morse: 18.44010
Epoch: 0 [  40/10000 (0%)] Unweighted L_s : L_Mnfld: 0.00544,  L_NonMnfld: 0.05718,  L_Nrml: 0.15388,  L_Eknl: 0.71259, L_Morse: 1.84401

Weights: [7000.0, 600.0, 0.0, 50.0, 0.0, 10.0], lr=5.000e-05
Epoch: 0 [  50/10000 (0%)] Loss: 109.48367 = L_Mnfld: 36.84599 + L_NonMnfld: 24.13102 + L_Nrml: 0.00000 + L_Eknl: 33.19332 + L_Div: 0.00000 + L_Morse: 15.31335
Epoch: 0 [  50/10000 (0%)] Unweighted L_s : L_Mnfld: 0.00526,  L_NonMnfld: 0.04022,  L_Nrml: 0.11759,  L_Eknl: 0.66387, L_Morse: 1.53134

Weights: [7000.0, 600.0, 0.0, 50.0, 0.0, 10.0], lr=5.000e-05
Epoch: 0 [  60/10000 (1%)] Loss: 109.27052 = L_Mnfld: 36.64499 + L_NonMnfld: 27.35738 + L_Nrml: 0.00000 + L_Eknl: 31.19973 + L_Div: 0.00000 + L_Morse: 14.06843
Epoch: 0 [  60/10000 (1%)] Unweighted L_s : L_Mnfld: 0.00523,  L_NonMnfld: 0.04560,  L_Nrml: 0.09316,  L_Eknl: 0.62399, L_Morse: 1.40684

Weights: [7000.0, 600.0, 0.0, 50.0, 0.0, 10.0], lr=5.000e-05
Epoch: 0 [  70/10000 (1%)] Loss: 99.60223 = L_Mnfld: 36.99033 + L_NonMnfld: 20.25692 + L_Nrml: 0.00000 + L_Eknl: 28.94759 + L_Div: 0.00000 + L_Morse: 13.40738
Epoch: 0 [  70/10000 (1%)] Unweighted L_s : L_Mnfld: 0.00528,  L_NonMnfld: 0.03376,  L_Nrml: 0.07723,  L_Eknl: 0.57895, L_Morse: 1.34074

Weights: [7000.0, 600.0, 0.0, 50.0, 0.0, 10.0], lr=5.000e-05
Epoch: 0 [  80/10000 (1%)] Loss: 99.49937 = L_Mnfld: 36.12231 + L_NonMnfld: 23.67280 + L_Nrml: 0.00000 + L_Eknl: 26.94208 + L_Div: 0.00000 + L_Morse: 12.76218
Epoch: 0 [  80/10000 (1%)] Unweighted L_s : L_Mnfld: 0.00516,  L_NonMnfld: 0.03945,  L_Nrml: 0.06509,  L_Eknl: 0.53884, L_Morse: 1.27622

Weights: [7000.0, 600.0, 0.0, 50.0, 0.0, 10.0], lr=5.000e-05
Epoch: 0 [  90/10000 (1%)] Loss: 92.33529 = L_Mnfld: 35.91470 + L_NonMnfld: 19.33256 + L_Nrml: 0.00000 + L_Eknl: 25.03907 + L_Div: 0.00000 + L_Morse: 12.04897
Epoch: 0 [  90/10000 (1%)] Unweighted L_s : L_Mnfld: 0.00513,  L_NonMnfld: 0.03222,  L_Nrml: 0.05506,  L_Eknl: 0.50078, L_Morse: 1.20490

Weights: [7000.0, 600.0, 0.0, 50.0, 0.0, 10.0], lr=5.000e-05
Epoch: 0 [ 100/10000 (1%)] Loss: 92.32892 = L_Mnfld: 38.63435 + L_NonMnfld: 18.69567 + L_Nrml: 0.00000 + L_Eknl: 23.28289 + L_Div: 0.00000 + L_Morse: 11.71601
Epoch: 0 [ 100/10000 (1%)] Unweighted L_s : L_Mnfld: 0.00552,  L_NonMnfld: 0.03116,  L_Nrml: 0.05170,  L_Eknl: 0.46566, L_Morse: 1.17160

Weights: [7000.0, 600.0, 0.0, 50.0, 0.0, 10.0], lr=5.000e-05
Epoch: 0 [ 110/10000 (1%)] Loss: 86.17501 = L_Mnfld: 35.47952 + L_NonMnfld: 16.69490 + L_Nrml: 0.00000 + L_Eknl: 21.88248 + L_Div: 0.00000 + L_Morse: 12.11810
Epoch: 0 [ 110/10000 (1%)] Unweighted L_s : L_Mnfld: 0.00507,  L_NonMnfld: 0.02782,  L_Nrml: 0.04520,  L_Eknl: 0.43765, L_Morse: 1.21181

Weights: [7000.0, 600.0, 0.0, 50.0, 0.0, 10.0], lr=5.000e-05
Epoch: 0 [ 120/10000 (1%)] Loss: 80.95274 = L_Mnfld: 31.22632 + L_NonMnfld: 17.54244 + L_Nrml: 0.00000 + L_Eknl: 21.13443 + L_Div: 0.00000 + L_Morse: 11.04955
Epoch: 0 [ 120/10000 (1%)] Unweighted L_s : L_Mnfld: 0.00446,  L_NonMnfld: 0.02924,  L_Nrml: 0.04252,  L_Eknl: 0.42269, L_Morse: 1.10495

Weights: [7000.0, 600.0, 0.0, 50.0, 0.0, 10.0], lr=5.000e-05
Epoch: 0 [ 130/10000 (1%)] Loss: 78.94711 = L_Mnfld: 32.03809 + L_NonMnfld: 15.99097 + L_Nrml: 0.00000 + L_Eknl: 19.92418 + L_Div: 0.00000 + L_Morse: 10.99388
Epoch: 0 [ 130/10000 (1%)] Unweighted L_s : L_Mnfld: 0.00458,  L_NonMnfld: 0.02665,  L_Nrml: 0.03852,  L_Eknl: 0.39848, L_Morse: 1.09939

Weights: [7000.0, 600.0, 0.0, 50.0, 0.0, 10.0], lr=5.000e-05
Epoch: 0 [ 140/10000 (1%)] Loss: 78.71142 = L_Mnfld: 30.85363 + L_NonMnfld: 17.64344 + L_Nrml: 0.00000 + L_Eknl: 19.45373 + L_Div: 0.00000 + L_Morse: 10.76062
Epoch: 0 [ 140/10000 (1%)] Unweighted L_s : L_Mnfld: 0.00441,  L_NonMnfld: 0.02941,  L_Nrml: 0.03735,  L_Eknl: 0.38907, L_Morse: 1.07606

Weights: [7000.0, 600.0, 0.0, 50.0, 0.0, 10.0], lr=5.000e-05
Epoch: 0 [ 150/10000 (2%)] Loss: 75.26652 = L_Mnfld: 29.96744 + L_NonMnfld: 16.49720 + L_Nrml: 0.00000 + L_Eknl: 18.56932 + L_Div: 0.00000 + L_Morse: 10.23255
Epoch: 0 [ 150/10000 (2%)] Unweighted L_s : L_Mnfld: 0.00428,  L_NonMnfld: 0.02750,  L_Nrml: 0.03581,  L_Eknl: 0.37139, L_Morse: 1.02326

Weights: [7000.0, 600.0, 0.0, 50.0, 0.0, 10.0], lr=5.000e-05
Epoch: 0 [ 160/10000 (2%)] Loss: 73.93505 = L_Mnfld: 30.00672 + L_NonMnfld: 16.14139 + L_Nrml: 0.00000 + L_Eknl: 18.15631 + L_Div: 0.00000 + L_Morse: 9.63064
Epoch: 0 [ 160/10000 (2%)] Unweighted L_s : L_Mnfld: 0.00429,  L_NonMnfld: 0.02690,  L_Nrml: 0.03398,  L_Eknl: 0.36313, L_Morse: 0.96306

Weights: [7000.0, 600.0, 0.0, 50.0, 0.0, 10.0], lr=5.000e-05
Epoch: 0 [ 170/10000 (2%)] Loss: 68.62951 = L_Mnfld: 27.52808 + L_NonMnfld: 13.84541 + L_Nrml: 0.00000 + L_Eknl: 17.64972 + L_Div: 0.00000 + L_Morse: 9.60630
Epoch: 0 [ 170/10000 (2%)] Unweighted L_s : L_Mnfld: 0.00393,  L_NonMnfld: 0.02308,  L_Nrml: 0.03337,  L_Eknl: 0.35299, L_Morse: 0.96063

Weights: [7000.0, 600.0, 0.0, 50.0, 0.0, 10.0], lr=5.000e-05
Epoch: 0 [ 180/10000 (2%)] Loss: 69.58355 = L_Mnfld: 27.90050 + L_NonMnfld: 15.08240 + L_Nrml: 0.00000 + L_Eknl: 17.21795 + L_Div: 0.00000 + L_Morse: 9.38269
Epoch: 0 [ 180/10000 (2%)] Unweighted L_s : L_Mnfld: 0.00399,  L_NonMnfld: 0.02514,  L_Nrml: 0.03514,  L_Eknl: 0.34436, L_Morse: 0.93827

Weights: [7000.0, 600.0, 0.0, 50.0, 0.0, 10.0], lr=5.000e-05
Epoch: 0 [ 190/10000 (2%)] Loss: 67.53310 = L_Mnfld: 27.39262 + L_NonMnfld: 13.85637 + L_Nrml: 0.00000 + L_Eknl: 17.02030 + L_Div: 0.00000 + L_Morse: 9.26380
Epoch: 0 [ 190/10000 (2%)] Unweighted L_s : L_Mnfld: 0.00391,  L_NonMnfld: 0.02309,  L_Nrml: 0.03142,  L_Eknl: 0.34041, L_Morse: 0.92638

Weights: [7000.0, 600.0, 0.0, 50.0, 0.0, 10.0], lr=5.000e-05
Epoch: 0 [ 200/10000 (2%)] Loss: 67.61011 = L_Mnfld: 26.56626 + L_NonMnfld: 15.17469 + L_Nrml: 0.00000 + L_Eknl: 16.84214 + L_Div: 0.00000 + L_Morse: 9.02702
Epoch: 0 [ 200/10000 (2%)] Unweighted L_s : L_Mnfld: 0.00380,  L_NonMnfld: 0.02529,  L_Nrml: 0.03001,  L_Eknl: 0.33684, L_Morse: 0.90270

